%!Adobe-FontList 1.19
%Locale:0x409

%BeginFont
Handler:DirectoryHandler
FontType:Invalid
OutlineFileName:C:\Users\ARENA MULTIMEDIA\Desktop\Thư mục không có tiêu đề\Font\IBMPlexSans-Light.woff
FileModTime:1620267138
%EndFont

%BeginFont
Handler:DirectoryHandler
FontType:Invalid
OutlineFileName:C:\Users\ARENA MULTIMEDIA\Desktop\Thư mục không có tiêu đề\Font\IBMPlexSans-Light.woff2
FileModTime:1620267140
%EndFont

%BeginFont
Handler:DirectoryHandler
FontType:Invalid
OutlineFileName:C:\Users\ARENA MULTIMEDIA\Desktop\Thư mục không có tiêu đề\Font\IBMPlexSans-Medium.woff
FileModTime:1620267140
%EndFont

%BeginFont
Handler:DirectoryHandler
FontType:Invalid
OutlineFileName:C:\Users\ARENA MULTIMEDIA\Desktop\Thư mục không có tiêu đề\Font\IBMPlexSans-Medium.woff2
FileModTime:1620267140
%EndFont

%BeginFont
Handler:DirectoryHandler
FontType:Invalid
OutlineFileName:C:\Users\ARENA MULTIMEDIA\Desktop\Thư mục không có tiêu đề\Font\IBMPlexSans.woff
FileModTime:1620267138
%EndFont

%BeginFont
Handler:DirectoryHandler
FontType:Invalid
OutlineFileName:C:\Users\ARENA MULTIMEDIA\Desktop\Thư mục không có tiêu đề\Font\IBMPlexSans.woff2
FileModTime:1620267138
%EndFont

